// Vitest Snapshot v1, https://vitest.dev/guide/snapshot.html

exports[`browserBundle > should work 1`] = `
{
  "code": "import React from 'https://esm.sh/react';
import { Flex, Text, Button } from 'https://esm.sh/@radix-ui/themes';
import esmsh@radixuithemesstylescss from 'https://esm.sh/@radix-ui/themes/styles.css' assert { type: \\"css\\" };
        
        document.adoptedStyleSheets = [...document.adoptedStyleSheets, esmsh@radixuithemesstylescss];
        
export function App() {
  return /* @__PURE__ */ React.createElement(Flex, { direction: \\"column\\", gap: \\"2\\" }, /* @__PURE__ */ React.createElement(Text, null, \\"Hello from Radix Themes :)\\"), /* @__PURE__ */ React.createElement(Button, null, \\"xxx\\"));
}
",
}
`;

exports[`browserBundle > with files 1`] = `
{
  "code": "import React from 'https://esm.sh/react';
import { render } from 'https://esm.sh/react-dom';
import { Hello } from 'blob:nodedata:xxx';
render(/* @__PURE__ */ React.createElement(Hello, null), document.getElementById(\\"root\\"));
",
}
`;
