// Vitest Snapshot v1, https://vitest.dev/guide/snapshot.html

exports[`browserBundle > should work 1`] = `
{
  "code": "import { jsx, jsxs } from 'https://esm.sh/react/jsx-runtime';
import { Flex, Text, Button } from 'https://esm.sh/@radix-ui/themes';
import @radixuithemesstylescss from 'https://esm.sh/@radix-ui/themes/styles.css' assert { type: \\"css\\" };
        
        document.adoptedStyleSheets = [...document.adoptedStyleSheets, @radixuithemesstylescss];
        
export function App() {
  return /* @__PURE__ */ jsxs(Flex, { direction: \\"column\\", gap: \\"2\\", children: [
    /* @__PURE__ */ jsx(Text, { children: \\"Hello from Radix Themes :)\\" }),
    /* @__PURE__ */ jsx(Button, { children: \\"xxx\\" })
  ] });
}
",
}
`;

exports[`browserBundle > with files 1`] = `
{
  "code": "import { jsx } from 'https://esm.sh/react/jsx-runtime';
import { render } from 'https://esm.sh/react-dom';
import { Hello } from 'blob:nodedata:xxx';
render(/* @__PURE__ */ jsx(Hello, {}), document.getElementById(\\"root\\"));
",
}
`;
